---
source: crates/biome_js_analyze/tests/spec_tests.rs
expression: valid.js
---
# Input
```js
/* should not generate diagnostics */
import { NOT_REALLY_DEPRECATED_CONSTANT as CONSTANT } from "./utils";

import { modernUtil } from "./utils";

import { Component } from "./component";

```
