---
source: crates/biome_module_graph/src/module_graph.tests.rs
expression: data.exports
---
{
    Borrowed(
        "superComputer",
    ): Own(
        JsOwnExport {
            jsdoc_comment: None,
            local_name: Some(
                "superComputer",
            ),
            ty: Type(
                Object(
                    Object {
                        prototype: Some(
                            Type(
                                Class(
                                    Class {
                                        id: TypeId,
                                        name: Some(
                                            Borrowed(
                                                "DeepThought",
                                            ),
                                        ),
                                        type_parameters: [],
                                        extends: None,
                                    },
                                ),
                            ),
                        ),
                        members: [],
                    },
                ),
            ),
        },
    ),
    Borrowed(
        "theAnswer",
    ): Own(
        JsOwnExport {
            jsdoc_comment: None,
            local_name: Some(
                "theAnswer",
            ),
            ty: Type(
                Literal(
                    Number(
                        Borrowed(
                            "42",
                        ),
                    ),
                ),
            ),
        },
    ),
}
