---
source: crates/biome_grit_patterns/tests/spec_tests.rs
expression: duplicateVariable
---
SnapshotResult {
    messages: [],
    matched_ranges: [
        "2:1-2:13",
    ],
    rewritten_files: [],
    created_files: [],
}
