---
source: crates/biome_grit_patterns/tests/spec_tests.rs
expression: imports
---
SnapshotResult {
    messages: [],
    matched_ranges: [
        "1:1-1:27",
        "2:1-2:32",
        "3:1-3:53",
        "4:1-4:32",
        "5:1-5:45",
        "7:1-7:33",
        "8:1-8:38",
        "9:1-9:52",
    ],
    rewritten_files: [],
    created_files: [],
}
