---
source: crates/biome_cli/tests/snap_test.rs
expression: content
---
## `/biome.config.js`

```js
export const config = {
  formatter: {
    enabled: true,
    lineWidth: 160,
    indentStyle: "space",
    indentSize: 6,
  }
};

```

## `/file.js`

```js
function f() {
      return { something };
}

```

# Emitted Messages

```block
Formatted 1 file(s) in <TIME>
```


