---
source: crates/biome_js_type_info/tests/utils.rs
expression: content
---
## Input

```ts
async function returnsPromise(): Promise<string> {
	return "value";
}

```

## Result

```
async Function "returnsPromise" {
  accepts: {
    params: []
    type_args: []
  }
  returns: unresolved reference "Promise"<Global TypeId(7)>
}
```

## Registered types

```

Global TypeId(7) => string

```
