---
source: crates/biome_js_type_info/tests/utils.rs
expression: content
---
## Input

```ts
function returnsPromise(): Promise<number> {
	return Promise.resolved(true);
}

```

## Result

```
sync Function "returnsPromise" {
  accepts: {
    params: []
    type_args: []
  }
  returns: unresolved reference "Promise"<number>
}
```
