---
source: crates/biome_js_type_info/tests/utils.rs
expression: content
---
## Input

```ts
function destruct(
	{ a, b }: { a: number; b: string },
	[first, ...rest]: Array<boolean>,
) {}

```

## Result

```
sync Function "destruct" {
  accepts: {
    params: [
      required (unnamed): Global TypeId(8) (bindings:
        a:Global TypeId(8).a, b:Global TypeId(8).b
      ), required (unnamed): unresolved reference "Array"<Global TypeId(11)> (bindings:
        first:unresolved reference "Array"<Global TypeId(11)>[0], rest:[(1 others)...unresolved reference "Array"<Global TypeId(11)>]
      )
    ]
    type_args: []
  }
  returns: unknown reference
}
```

## Registered types

```

Global TypeId(7) => string

Global TypeId(8) => Object {
  prototype: No prototype
  members: {TypeMembers(
    Property(
      [a, required]
      Type(number)
    )
    Property(
      [b, required]
      Type(Global TypeId(7))
    )
  )}
}

Global TypeId(9) => Global TypeId(8).a

Global TypeId(10) => Global TypeId(8).b

Global TypeId(11) => boolean

Global TypeId(12) => unresolved reference "Array"<Global TypeId(11)>[0]

Global TypeId(13) => [(1 others)...unresolved reference "Array"<Global TypeId(11)>]

```
