---
source: crates/biome_grit_parser/tests/spec_test.rs
expression: snapshot
---
## Input
```grit
`console.log($message)`

```

## AST

```
GritRoot {
    bom_token: missing (optional),
    version: missing (optional),
    language: missing (optional),
    definitions: GritDefinitionList [],
    pattern: GritCodeSnippet {
        source: GritBacktickSnippetLiteral {
            value_token: GRIT_BACKTICK_SNIPPET@0..23 "`console.log($message)`" [] [],
        },
    },
    definitions_continued: GritDefinitionList [],
    eof_token: EOF@23..24 "" [Newline("\n")] [],
}
```

## CST

```
0: GRIT_ROOT@0..24
  0: (empty)
  1: (empty)
  2: (empty)
  3: GRIT_DEFINITION_LIST@0..0
  4: GRIT_CODE_SNIPPET@0..23
    0: GRIT_BACKTICK_SNIPPET_LITERAL@0..23
      0: GRIT_BACKTICK_SNIPPET@0..23 "`console.log($message)`" [] []
  5: GRIT_DEFINITION_LIST@23..23
  6: EOF@23..24 "" [Newline("\n")] []

```
