---
source: crates/biome_package/tests/manifest_spec_tests.rs
expression: tsconfig.valid.baseUrl.json
---
## Input

{
  "compilerOptions": {
    "baseUrl": "src"
  },
}


## Data structure

TsConfigJson {
    root: true,
    path: "/home/arendjr/Projects/biome/crates/biome_package/tests/tsconfig/valid/tsconfig.valid.baseUrl.json",
    extends: None,
    compiler_options: CompilerOptions {
        base_url: Some(
            "/home/arendjr/Projects/biome/crates/biome_package/tests/tsconfig/valid/src",
        ),
        paths: None,
        paths_base: "",
        type_roots: None,
    },
    references: [],
}
