---
source: crates/biome_grit_parser/tests/spec_test.rs
expression: snapshot
---
## Input
```grit
unknown"console.log()"

```

## AST

```
GritRoot {
    bom_token: missing (optional),
    version: missing (optional),
    language: missing (optional),
    definitions: GritDefinitionList [],
    pattern: missing (optional),
    definitions_continued: GritDefinitionList [],
    eof_token: EOF@0..23 "unknown\"console.log()\"\n" [] [],
}
```

## CST

```
0: GRIT_ROOT@0..23
  0: (empty)
  1: (empty)
  2: (empty)
  3: GRIT_DEFINITION_LIST@0..0
  4: (empty)
  5: GRIT_DEFINITION_LIST@0..0
  6: EOF@0..23 "unknown\"console.log()\"\n" [] []

```

## Diagnostics

```
incorrect_string_prefix.grit:1:1 parse ━━━━━━━━━━━━━━━━━━━━━━━━━━━━━━━━━━━━━━━━━━━━━━━━━━━━━━━━━━━━━

  × Unxpected string prefix
  
  > 1 │ unknown"console.log()"
      │ ^^^^^^^
    2 │ 
  
  i Use a language annotation to create a language-specific snippet or use the `r` prefix to create a regex literal.
  
  i Supported language annotations are:
  
  - js
  - json
  - css
  - grit
  - html
  
```
