---
source: crates/biome_grit_parser/tests/spec_test.rs
expression: snapshot
---
## Input
```grit
jsx_self_closing_element { 
  name: identifier {
    text: `img`
  }
  register_diagnostic(
    span = $name,
    message = "use Image component instead of img tag"
  )
}

```

## AST

```
GritRoot {
    bom_token: missing (optional),
    version: missing (optional),
    language: missing (optional),
    definitions: GritDefinitionList [
        GritBogusDefinition {
            items: [
                GRIT_NAME@0..25 "jsx_self_closing_element" [] [Whitespace(" ")],
                L_CURLY@25..27 "{" [] [Whitespace(" ")],
            ],
        },
    ],
    eof_token: EOF@27..171 "name: identifier {\n    text: `img`\n  }\n  register_diagnostic(\n    span = $name,\n    message = \"use Image component instead of img tag\"\n  )\n}\n" [Newline("\n"), Whitespace("  ")] [],
}
```

## CST

```
0: GRIT_ROOT@0..171
  0: (empty)
  1: (empty)
  2: (empty)
  3: GRIT_DEFINITION_LIST@0..27
    0: GRIT_BOGUS_DEFINITION@0..27
      0: GRIT_NAME@0..25 "jsx_self_closing_element" [] [Whitespace(" ")]
      1: L_CURLY@25..27 "{" [] [Whitespace(" ")]
  4: EOF@27..171 "name: identifier {\n    text: `img`\n  }\n  register_diagnostic(\n    span = $name,\n    message = \"use Image component instead of img tag\"\n  )\n}\n" [Newline("\n"), Whitespace("  ")] []

```

## Diagnostics

```
issue_5610.grit:1:1 parse ━━━━━━━━━━━━━━━━━━━━━━━━━━━━━━━━━━━━━━━━━━━━━━━━━━━━━━━━━━━━━━━━━━━━━━━━━━

  × Expected a definition.
  
  > 1 │ jsx_self_closing_element {·
      │ ^^^^^^^^^^^^^^^^^^^^^^^^^^
    2 │   name: identifier {
    3 │     text: `img`
  
  i Definitions can be functions, patterns, or predicates.
  
issue_5610.grit:2:3 parse ━━━━━━━━━━━━━━━━━━━━━━━━━━━━━━━━━━━━━━━━━━━━━━━━━━━━━━━━━━━━━━━━━━━━━━━━━━

  × Expected a definition.
  
    1 │ jsx_self_closing_element {·
  > 2 │   name: identifier {
      │   ^^^^
    3 │     text: `img`
    4 │   }
  
  i Definitions can be functions, patterns, or predicates.
  
```
