---
source: crates/biome_module_graph/tests/snap/mod.rs
expression: content
---
# `/node_modules/vfile/types/index.d.ts`

## Source

```ts
// TypeScript Version: 3.0

import * as Unist from "unist";
import * as vfileMessage from "vfile-message";

declare namespace vfile {
	/**
	 * Encodings supported by the buffer class
	 *
	 * @remarks
	 * This is a copy of the typing from Node, copied to prevent Node globals from being needed.
	 * Copied from https://github.com/DefinitelyTyped/DefinitelyTyped/blob/a2bc1d868d81733a8969236655fa600bd3651a7b/types/node/globals.d.ts#L174
	 */
	type BufferEncoding =
		| "ascii"
		| "utf8"
		| "utf-8"
		| "utf16le"
		| "ucs2"
		| "ucs-2"
		| "base64"
		| "latin1"
		| "binary"
		| "hex";

	/**
	 * VFileContents can either be text, or a Buffer like structure
	 * @remarks
	 * This does not directly use type `Buffer, because it can also be used in a browser context.
	 * Instead this leverages `Uint8Array` which is the base type for `Buffer`, and a native JavaScript construct.
	 */
	type VFileContents = string | Uint8Array;
	type VFileCompatible = VFile | VFileOptions | VFileContents;
	interface Settings {
		[key: string]: unknown;
	}
	type VFileReporter<T = Settings> = (files: VFile[], options: T) => string;

	interface VFileOptions {
		contents?: VFileContents;
		path?: string;
		basename?: string;
		stem?: string;
		extname?: string;
		dirname?: string;
		cwd?: string;
		data?: any;
		[key: string]: any;
	}

	interface VFile {
		/**
		 * Create a new virtual file. If `options` is `string` or `Buffer`, treats it as `{contents: options}`.
		 * If `options` is a `VFile`, returns it. All other options are set on the newly created `vfile`.
		 *
		 * Path related properties are set in the following order (least specific to most specific): `history`, `path`, `basename`, `stem`, `extname`, `dirname`.
		 *
		 * Itâ€™s not possible to set either `dirname` or `extname` without setting either `history`, `path`, `basename`, or `stem` as well.
		 *
		 * @param options If `options` is `string` or `Buffer`, treats it as `{contents: options}`. If `options` is a `VFile`, returns it. All other options are set on the newly created `vfile`.
		 */
		<F extends VFile>(input?: VFileContents | F | VFileOptions): F;
		/**
		 * List of file-paths the file moved between.
		 */
		history: string[];
		/**
		 * Place to store custom information.
		 * It's OK to store custom data directly on the `vfile`, moving it to `data` gives a little more privacy.
		 */
		data: unknown;
		/**
		 * List of messages associated with the file.
		 */
		messages: vfileMessage.VFileMessage[];
		/**
		 * Raw value.
		 */
		contents: VFileContents;
		/**
		 * Path of `vfile`.
		 * Cannot be nullified.
		 */
		path?: string;
		/**
		 * Path to parent directory of `vfile`.
		 * Cannot be set if there's no `path` yet.
		 */
		dirname?: string;
		/**
		 * Current name (including extension) of `vfile`.
		 * Cannot contain path separators.
		 * Cannot be nullified either (use `file.path = file.dirname` instead).
		 */
		basename?: string;
		/**
		 * Name (without extension) of `vfile`.
		 * Cannot be nullified, and cannot contain path separators.
		 */
		stem?: string;
		/**
		 * Extension (with dot) of `vfile`.
		 * Cannot be set if there's no `path` yet and cannot contain path separators.
		 */
		extname?: string;
		/**
		 * Base of `path`.
		 * Defaults to `process.cwd()`.
		 */
		cwd: string;
		/**
		 * Convert contents of `vfile` to string.
		 * @param encoding If `contents` is a buffer, `encoding` is used to stringify buffers (default: `'utf8'`).
		 */
		toString: (encoding?: BufferEncoding) => string;
		/**
		 * Associates a message with the file for `reason` at `position`.
		 * When an error is passed in as `reason`, copies the stack.
		 * Each message has a `fatal` property which by default is set to `false` (ie. `warning`).
		 * @param reason Reason for message. Uses the stack and message of the error if given.
		 * @param position Place at which the message occurred in `vfile`.
		 * @param ruleId Category of message.
		 */
		message: (
			reason: string,
			position?: Unist.Point | Unist.Position | Unist.Node,
			ruleId?: string,
		) => vfileMessage.VFileMessage;
		/**
		 * Associates a fatal message with the file, then immediately throws it.
		 * Note: fatal errors mean a file is no longer processable.
		 * Calls `message()` internally.
		 * @param reason Reason for message. Uses the stack and message of the error if given.
		 * @param position Place at which the message occurred in `vfile`.
		 * @param ruleId Category of message.
		 */
		fail: (
			reason: string,
			position?: Unist.Point | Unist.Position | Unist.Node,
			ruleId?: string,
		) => never;
		/**
		 * Associates an informational message with the file, where `fatal` is set to `null`.
		 * Calls `message()` internally.
		 * @param reason Reason for message. Uses the stack and message of the error if given.
		 * @param position Place at which the message occurred in `vfile`.
		 * @param ruleId Category of message.
		 */
		info: (
			reason: string,
			position?: Unist.Point | Unist.Position | Unist.Node,
			ruleId?: string,
		) => vfileMessage.VFileMessage;

		[key: string]: unknown;
	}
}

declare const vfile: vfile.VFile;

export = vfile;
```

## Module Info

```
Exports {
  "default" => {
    ExportOwnExport => JsOwnExport::Type(Module(0) TypeId(0))
  }
}
Imports {
  "Unist" => {
    Specifier: "unist"
    Resolved path:
    Import Symbol: All
  }
  "vfileMessage" => {
    Specifier: "vfile-message"
    Resolved path:
    Import Symbol: All
  }
}
```

## Registered types

```
Module TypeId(0) => instanceof Module(0) TypeId(59)

Module TypeId(1) => Namespace {
    path: [
        Borrowed(
            "vfile",
        ),
    ],
    members: [
        TypeMember {
            kind: Named(
                Borrowed(
                    "BufferEncoding",
                ),
            ),
            is_static: true,
            ty: Resolved(
                Module(0) TypeId(12),
            ),
        },
        TypeMember {
            kind: Named(
                Borrowed(
                    "VFileContents",
                ),
            ),
            is_static: true,
            ty: Resolved(
                Module(0) TypeId(14),
            ),
        },
        TypeMember {
            kind: Named(
                Borrowed(
                    "VFileCompatible",
                ),
            ),
            is_static: true,
            ty: Resolved(
                Module(0) TypeId(18),
            ),
        },
        TypeMember {
            kind: Named(
                Borrowed(
                    "Settings",
                ),
            ),
            is_static: true,
            ty: Resolved(
                Module(0) TypeId(19),
            ),
        },
        TypeMember {
            kind: Named(
                Borrowed(
                    "VFileReporter",
                ),
            ),
            is_static: true,
            ty: Resolved(
                Module(0) TypeId(26),
            ),
        },
        TypeMember {
            kind: Named(
                Borrowed(
                    "T",
                ),
            ),
            is_static: true,
            ty: Resolved(
                Module(0) TypeId(25),
            ),
        },
        TypeMember {
            kind: Named(
                Borrowed(
                    "VFileOptions",
                ),
            ),
            is_static: true,
            ty: Resolved(
                Module(0) TypeId(35),
            ),
        },
        TypeMember {
            kind: Named(
                Borrowed(
                    "VFile",
                ),
            ),
            is_static: true,
            ty: Resolved(
                Module(0) TypeId(59),
            ),
        },
    ],
}

Module TypeId(2) => value: ascii

Module TypeId(3) => value: utf8

Module TypeId(4) => value: utf-8

Module TypeId(5) => value: utf16le

Module TypeId(6) => value: ucs2

Module TypeId(7) => value: ucs-2

Module TypeId(8) => value: base64

Module TypeId(9) => value: latin1

Module TypeId(10) => value: binary

Module TypeId(11) => value: hex

Module TypeId(12) => Module(0) TypeId(2) | Module(0) TypeId(3) | Module(0) TypeId(4) | Module(0) TypeId(5) | Module(0) TypeId(6) | Module(0) TypeId(7) | Module(0) TypeId(8) | Module(0) TypeId(9) | Module(0) TypeId(10) | Module(0) TypeId(11)

Module TypeId(13) => instanceof unresolved reference "Uint8Array" (scope ID: 3)

Module TypeId(14) => string | Module(0) TypeId(13)

Module TypeId(15) => instanceof Module(0) TypeId(59)

Module TypeId(16) => instanceof Module(0) TypeId(35)

Module TypeId(17) => instanceof Module(0) TypeId(14)

Module TypeId(18) => Module(0) TypeId(15) | Module(0) TypeId(16) | Module(0) TypeId(17)

Module TypeId(19) => interface "Settings" {
  extends: []
  type_args: []
  members: []
}

Module TypeId(20) => instanceof Module(0) TypeId(59)

Module TypeId(21) => instanceof Array<Module(0) TypeId(20)>

Module TypeId(22) => instanceof Module(0) TypeId(25)

Module TypeId(23) => sync Function {
  accepts: {
    params: [
      required files: Module(0) TypeId(21) (bindings: files:instanceof Module(0) TypeId(99))
      required options: Module(0) TypeId(22) (bindings: options:instanceof Module(0) TypeId(25))
    ]
    type_args: []
  }
  returns: string
}

Module TypeId(24) => instanceof Module(0) TypeId(19)

Module TypeId(25) => T = unknown reference

Module TypeId(26) => sync Function {
  accepts: {
    params: [
      required files: Module(0) TypeId(21) (bindings: files:instanceof Module(0) TypeId(99))
      required options: Module(0) TypeId(22) (bindings: options:instanceof Module(0) TypeId(25))
    ]
    type_args: []
  }
  returns: string
}

Module TypeId(27) => instanceof Module(0) TypeId(59)

Module TypeId(28) => instanceof Array<Module(0) TypeId(27)>

Module TypeId(29) => instanceof Module(0) TypeId(25)

Module TypeId(30) => instanceof Module(0) TypeId(14)

Module TypeId(31) => Module(0) TypeId(30) | undefined

Module TypeId(32) => string | undefined

Module TypeId(33) => any

Module TypeId(34) => Module(0) TypeId(33) | undefined

Module TypeId(35) => interface "VFileOptions" {
  extends: []
  type_args: []
  members: [
    "contents": Module(0) TypeId(31),
    "path": Module(0) TypeId(32),
    "basename": Module(0) TypeId(32),
    "stem": Module(0) TypeId(32),
    "extname": Module(0) TypeId(32),
    "dirname": Module(0) TypeId(32),
    "cwd": Module(0) TypeId(32),
    "data": Module(0) TypeId(34)
  ]
}

Module TypeId(36) => instanceof Module(0) TypeId(14)

Module TypeId(37) => Module(0) TypeId(36) | undefined

Module TypeId(38) => interface "VFileOptions" {
  extends: []
  type_args: []
  members: [
    "contents": Module(0) TypeId(37),
    "path": Module(0) TypeId(32),
    "basename": Module(0) TypeId(32),
    "stem": Module(0) TypeId(32),
    "extname": Module(0) TypeId(32),
    "dirname": Module(0) TypeId(32),
    "cwd": Module(0) TypeId(32),
    "data": Module(0) TypeId(34)
  ]
}

Module TypeId(39) => instanceof Module(0) TypeId(59)

Module TypeId(40) => F extends Module(0) TypeId(39)

Module TypeId(41) => instanceof Module(0) TypeId(14)

Module TypeId(42) => instanceof unresolved reference "F" (scope ID: 11)

Module TypeId(43) => instanceof Module(0) TypeId(35)

Module TypeId(44) => Module(0) TypeId(41) | Module(0) TypeId(42) | Module(0) TypeId(43)

Module TypeId(45) => sync Function {
  accepts: {
    params: [
      optional input: Module(0) TypeId(44) (bindings: input:Module(0) TypeId(41) | Module(0) TypeId(42) | Module(0) TypeId(43))
    ]
    type_args: [Module(0) TypeId(40)]
  }
  returns: Module(0) TypeId(42)
}

Module TypeId(46) => instanceof Array<string>

Module TypeId(47) => unknown

Module TypeId(48) => instanceof Import Symbol: All from

Module TypeId(49) => instanceof Array<Module(0) TypeId(48)>

Module TypeId(50) => instanceof Module(0) TypeId(12)

Module TypeId(51) => sync Function {
  accepts: {
    params: [
      optional encoding: Module(0) TypeId(50) (bindings: encoding:instanceof Module(0) TypeId(12))
    ]
    type_args: []
  }
  returns: string
}

Module TypeId(52) => instanceof Import Symbol: All from

Module TypeId(53) => instanceof Import Symbol: All from

Module TypeId(54) => instanceof Import Symbol: All from

Module TypeId(55) => Module(0) TypeId(52) | Module(0) TypeId(53) | Module(0) TypeId(54)

Module TypeId(56) => sync Function {
  accepts: {
    params: [
      required reason: string (bindings: reason:string)
      optional position: Module(0) TypeId(55) (bindings: position:Module(0) TypeId(52) | Module(0) TypeId(53) | Module(0) TypeId(54))
      optional ruleId: string (bindings: ruleId:string)
    ]
    type_args: []
  }
  returns: Module(0) TypeId(48)
}

Module TypeId(57) => never

Module TypeId(58) => sync Function {
  accepts: {
    params: [
      required reason: string (bindings: reason:string)
      optional position: Module(0) TypeId(55) (bindings: position:Module(0) TypeId(52) | Module(0) TypeId(53) | Module(0) TypeId(54))
      optional ruleId: string (bindings: ruleId:string)
    ]
    type_args: []
  }
  returns: Module(0) TypeId(57)
}

Module TypeId(59) => interface "VFile" {
  extends: []
  type_args: []
  members: [
    (): Module(0) TypeId(45),
    "history": Module(0) TypeId(46),
    "data": Module(0) TypeId(47),
    "messages": Module(0) TypeId(49),
    "contents": Module(0) TypeId(41),
    "path": Module(0) TypeId(32),
    "dirname": Module(0) TypeId(32),
    "basename": Module(0) TypeId(32),
    "stem": Module(0) TypeId(32),
    "extname": Module(0) TypeId(32),
    "cwd": string,
    "toString": Module(0) TypeId(51),
    "message": Module(0) TypeId(56),
    "fail": Module(0) TypeId(58),
    "info": Module(0) TypeId(56)
  ]
}

Module TypeId(60) => instanceof Module(0) TypeId(59)

Module TypeId(61) => F extends Module(0) TypeId(60)

Module TypeId(62) => instanceof Module(0) TypeId(14)

Module TypeId(63) => instanceof Module(0) TypeId(61)

Module TypeId(64) => instanceof Module(0) TypeId(35)

Module TypeId(65) => Module(0) TypeId(62) | Module(0) TypeId(63) | Module(0) TypeId(64)

Module TypeId(66) => instanceof Module(0) TypeId(12)

Module TypeId(67) => instanceof Import Symbol: All from

Module TypeId(68) => instanceof Import Symbol: All from

Module TypeId(69) => instanceof Import Symbol: All from

Module TypeId(70) => Module(0) TypeId(67) | Module(0) TypeId(68) | Module(0) TypeId(69)

Module TypeId(71) => instanceof Import Symbol: All from

Module TypeId(72) => instanceof Import Symbol: All from

Module TypeId(73) => instanceof Import Symbol: All from

Module TypeId(74) => Module(0) TypeId(71) | Module(0) TypeId(72) | Module(0) TypeId(73)

Module TypeId(75) => instanceof Import Symbol: All from

Module TypeId(76) => instanceof Import Symbol: All from

Module TypeId(77) => instanceof Import Symbol: All from

Module TypeId(78) => Module(0) TypeId(75) | Module(0) TypeId(76) | Module(0) TypeId(77)

Module TypeId(79) => instanceof Module(0) TypeId(59)

Module TypeId(80) => F extends Module(0) TypeId(79)

Module TypeId(81) => instanceof Module(0) TypeId(14)

Module TypeId(82) => instanceof unresolved reference "F" (scope ID: 17)

Module TypeId(83) => instanceof Module(0) TypeId(35)

Module TypeId(84) => Module(0) TypeId(81) | Module(0) TypeId(82) | Module(0) TypeId(83)

Module TypeId(85) => sync Function {
  accepts: {
    params: [
      optional input: Module(0) TypeId(84) (bindings: input:Module(0) TypeId(81) | Module(0) TypeId(82) | Module(0) TypeId(83))
    ]
    type_args: [Module(0) TypeId(80)]
  }
  returns: Module(0) TypeId(82)
}

Module TypeId(86) => instanceof Array<string>

Module TypeId(87) => instanceof Import Symbol: All from

Module TypeId(88) => instanceof Array<Module(0) TypeId(87)>

Module TypeId(89) => instanceof Module(0) TypeId(12)

Module TypeId(90) => sync Function {
  accepts: {
    params: [
      optional encoding: Module(0) TypeId(89) (bindings: encoding:instanceof Module(0) TypeId(12))
    ]
    type_args: []
  }
  returns: string
}

Module TypeId(91) => instanceof Import Symbol: All from

Module TypeId(92) => instanceof Import Symbol: All from

Module TypeId(93) => instanceof Import Symbol: All from

Module TypeId(94) => Module(0) TypeId(91) | Module(0) TypeId(92) | Module(0) TypeId(93)

Module TypeId(95) => sync Function {
  accepts: {
    params: [
      required reason: string (bindings: reason:string)
      optional position: Module(0) TypeId(94) (bindings: position:Module(0) TypeId(91) | Module(0) TypeId(92) | Module(0) TypeId(93))
      optional ruleId: string (bindings: ruleId:string)
    ]
    type_args: []
  }
  returns: Module(0) TypeId(87)
}

Module TypeId(96) => sync Function {
  accepts: {
    params: [
      required reason: string (bindings: reason:string)
      optional position: Module(0) TypeId(94) (bindings: position:Module(0) TypeId(91) | Module(0) TypeId(92) | Module(0) TypeId(93))
      optional ruleId: string (bindings: ruleId:string)
    ]
    type_args: []
  }
  returns: Module(0) TypeId(57)
}

Module TypeId(97) => interface "VFile" {
  extends: []
  type_args: []
  members: [
    (): Module(0) TypeId(85),
    "history": Module(0) TypeId(86),
    "data": Module(0) TypeId(47),
    "messages": Module(0) TypeId(88),
    "contents": Module(0) TypeId(81),
    "path": Module(0) TypeId(32),
    "dirname": Module(0) TypeId(32),
    "basename": Module(0) TypeId(32),
    "stem": Module(0) TypeId(32),
    "extname": Module(0) TypeId(32),
    "cwd": string,
    "toString": Module(0) TypeId(90),
    "message": Module(0) TypeId(95),
    "fail": Module(0) TypeId(96),
    "info": Module(0) TypeId(95)
  ]
}

Module TypeId(98) => instanceof Module(0) TypeId(59)

Module TypeId(99) => instanceof Array<Module(0) TypeId(20)>

Module TypeId(100) => instanceof Array<Module(0) TypeId(27)>

Module TypeId(101) => instanceof Array<string>

Module TypeId(102) => instanceof Array<Module(0) TypeId(48)>

Module TypeId(103) => instanceof Array<Module(0) TypeId(87)>
```
