---
source: crates/biome_module_graph/tests/snap/mod.rs
expression: content
---
## /src/index.ts

```ts
/**
 * @returns {string}
 */
function foo() {}

export { foo };

```

```
Exports {
  "foo" => {
    ExportOwnExport => JsOwnExport(
      Module TypeId(0)
      Local name: foo
      JsDoc(
        @returns {string}
      )
    )
  }
}
Imports {}
```
