---
source: crates/biome_module_graph/tests/snap/mod.rs
expression: content
---
## /src/index.ts

```ts
/**
 * @public
 * @returns {JSX.Element}
 */
export default function Component(): JSX.Element {}

```

## Module Info

```
Exports {
  "default" => {
    ExportOwnExport => JsOwnExport(
      Module TypeId(0)
      Local name: Component
      JsDoc(
        @public
        @returns {JSX.Element}
      )
    )
  }
}
Imports {}
```

## Registered types

```

Module TypeId(0) => sync Function "Component" {
  accepts: {
    params: []
    type_args: []
  }
  returns: unresolved reference "JSX.Element"
}

```
