---
source: crates/biome_js_type_info/tests/utils.rs
expression: content
---
```ts
const a = 1 === 1;

```

```
a => value: true

```

## Registered types:
