---
source: crates/biome_js_type_info/tests/utils.rs
expression: content
---
```ts
function returnsPromise(): Promise<number> {
	return Promise.resolved(true);
}

returnsPromise()
	.then(() => {})
	.finally(() => {});

```

```
instanceof Promise
```

## Registered types:

Module TypeId(0) => sync Function "returnsPromise" {
  accepts: {
    params: []
    type_args: []
  }
  returns: Module TypeId(6)
}

Module TypeId(1) => instanceof Promise<T = number>

Module TypeId(2) => sync Function "then" {
  accepts: {
    params: []
    type_args: []
  }
  returns: Promise
}

Module TypeId(3) => sync Function {
  accepts: {
    params: []
    type_args: []
  }
  returns: unknown reference
}

Module TypeId(4) => instanceof Promise

Module TypeId(5) => sync Function "finally" {
  accepts: {
    params: []
    type_args: []
  }
  returns: Promise
}

Module TypeId(6) => instanceof Promise<T = number>

Module TypeId(7) => sync Function "then" {
  accepts: {
    params: []
    type_args: []
  }
  returns: Promise
}

Module TypeId(8) => sync Function "finally" {
  accepts: {
    params: []
    type_args: []
  }
  returns: Promise
}
