---
source: crates/biome_js_type_info/tests/utils.rs
expression: content
---
```ts
new Promise((resolve) => resolve("value"));

```

```
instanceof Promise
```

## Registered types:

Global TypeId(6) => sync Function {
  accepts: {
    params: [required resolve: unknown (bindings: resolve:unknown)]
    type_args: []
  }
  returns: unknown reference
}
